Started GET "/" for 127.0.0.1 at 2025-05-06 11:29:50 +0100
  [1m[35m (4.7ms)[0m  [1m[35mCREATE TABLE "schema_migrations" ("version" varchar NOT NULL PRIMARY KEY) /*application='SampleRuby'*/[0m
  [1m[35m (0.3ms)[0m  [1m[35mCREATE TABLE "ar_internal_metadata" ("key" varchar NOT NULL PRIMARY KEY, "value" varchar, "created_at" datetime(6) NOT NULL, "updated_at" datetime(6) NOT NULL) /*application='SampleRuby'*/[0m
  [1m[36mActiveRecord::SchemaMigration Load (0.1ms)[0m  [1m[34mSELECT "schema_migrations"."version" FROM "schema_migrations" ORDER BY "schema_migrations"."version" ASC /*application='SampleRuby'*/[0m
Processing by StaticPagesController#home as HTML
  Rendering layout layouts/application.html.erb
  Rendering static_pages/home.html.erb within layouts/application
  Rendered static_pages/home.html.erb within layouts/application (Duration: 24.4ms | GC: 1.7ms)
  Rendered layouts/_header.html.erb (Duration: 0.3ms | GC: 0.0ms)
  Rendered layouts/_footer.html.erb (Duration: 0.5ms | GC: 0.0ms)
  Rendered layout layouts/application.html.erb (Duration: 35.1ms | GC: 2.0ms)
Completed 200 OK in 114ms (Views: 44.0ms | ActiveRecord: 0.0ms (0 queries, 0 cached) | GC: 4.0ms)


Started GET "/favicon.ico" for 127.0.0.1 at 2025-05-06 11:29:51 +0100
  
ActionController::RoutingError (No route matches [GET] "/favicon.ico"):
  
  [1m[36mActiveRecord::InternalMetadata Load (0.1ms)[0m  [1m[34mSELECT * FROM "ar_internal_metadata" WHERE "ar_internal_metadata"."key" = 'environment' ORDER BY "ar_internal_metadata"."key" ASC LIMIT 1 /*application='SampleRuby'*/[0m
  [1m[36mActiveRecord::InternalMetadata Create (1.7ms)[0m  [1m[32mINSERT INTO "ar_internal_metadata" ("key", "value", "created_at", "updated_at") VALUES ('environment', 'development', '2025-05-06 16:40:58.232045', '2025-05-06 16:40:58.232047') RETURNING "key" /*application='SampleRuby'*/[0m
  [1m[36mActiveRecord::SchemaMigration Load (0.1ms)[0m  [1m[34mSELECT "schema_migrations"."version" FROM "schema_migrations" ORDER BY "schema_migrations"."version" ASC /*application='SampleRuby'*/[0m
  [1m[36mActiveRecord::InternalMetadata Load (0.1ms)[0m  [1m[34mSELECT * FROM "ar_internal_metadata" WHERE "ar_internal_metadata"."key" = 'environment' ORDER BY "ar_internal_metadata"."key" ASC LIMIT 1 /*application='SampleRuby'*/[0m
  [1m[36mActiveRecord::SchemaMigration Load (0.1ms)[0m  [1m[34mSELECT "schema_migrations"."version" FROM "schema_migrations" ORDER BY "schema_migrations"."version" ASC /*application='SampleRuby'*/[0m
Started GET "/" for 127.0.0.1 at 2025-05-07 10:09:09 +0100
  [1m[36mActiveRecord::SchemaMigration Load (0.2ms)[0m  [1m[34mSELECT "schema_migrations"."version" FROM "schema_migrations" ORDER BY "schema_migrations"."version" ASC /*application='SampleRuby'*/[0m
Processing by StaticPagesController#home as HTML
  Rendering layout layouts/application.html.erb
  Rendering static_pages/home.html.erb within layouts/application
  Rendered static_pages/home.html.erb within layouts/application (Duration: 18.9ms | GC: 0.0ms)
  Rendered layouts/_header.html.erb (Duration: 0.3ms | GC: 0.0ms)
  Rendered layouts/_footer.html.erb (Duration: 0.3ms | GC: 0.0ms)
  Rendered layout layouts/application.html.erb (Duration: 32.4ms | GC: 0.0ms)
Completed 200 OK in 96ms (Views: 39.0ms | ActiveRecord: 0.0ms (0 queries, 0 cached) | GC: 0.7ms)


Started GET "/favicon.ico" for 127.0.0.1 at 2025-05-07 10:09:09 +0100
  
ActionController::RoutingError (No route matches [GET] "/favicon.ico"):
  
Started GET "/" for 127.0.0.1 at 2025-05-12 09:51:05 +0100
  [1m[36mActiveRecord::SchemaMigration Load (0.2ms)[0m  [1m[34mSELECT "schema_migrations"."version" FROM "schema_migrations" ORDER BY "schema_migrations"."version" ASC /*application='SampleRuby'*/[0m
Processing by StaticPagesController#home as HTML
  Rendering layout layouts/application.html.erb
  Rendering static_pages/home.html.erb within layouts/application
  Rendered static_pages/home.html.erb within layouts/application (Duration: 10.1ms | GC: 0.0ms)
  Rendered layouts/_header.html.erb (Duration: 0.3ms | GC: 0.0ms)
  Rendered layouts/_footer.html.erb (Duration: 0.4ms | GC: 0.0ms)
  Rendered layout layouts/application.html.erb (Duration: 23.7ms | GC: 0.0ms)
Completed 200 OK in 71ms (Views: 27.3ms | ActiveRecord: 0.0ms (0 queries, 0 cached) | GC: 0.0ms)


Started POST "/payment" for 127.0.0.1 at 2025-05-12 09:51:08 +0100
Processing by StaticPagesController#create as HTML
  Parameters: {"authenticity_token"=>"[FILTERED]"}
Redirected to https://sandbox-process.fedapay.com/eyJ0eXAiOiJKV1QiLCJhbGciOiJIUzI1NiJ9.eyJzdWIiOjMyMDIzNCwiZXhwIjoxNzQ3MTI2Mjc0fQ.9Qkh9fmMd2B9yYrHPrAOV0DJukW-eprGX_TMdfM0wV4
Completed 302 Found in 6594ms (ActiveRecord: 0.0ms (0 queries, 0 cached) | GC: 0.0ms)


Started GET "/" for 127.0.0.1 at 2025-05-12 09:56:17 +0100
Processing by StaticPagesController#home as HTML
  Rendering layout layouts/application.html.erb
  Rendering static_pages/home.html.erb within layouts/application
  Rendered static_pages/home.html.erb within layouts/application (Duration: 37.3ms | GC: 23.6ms)
  Rendered layouts/_header.html.erb (Duration: 0.4ms | GC: 0.0ms)
  Rendered layouts/_footer.html.erb (Duration: 0.4ms | GC: 0.0ms)
  Rendered layout layouts/application.html.erb (Duration: 51.5ms | GC: 25.0ms)
Completed 200 OK in 66ms (Views: 53.1ms | ActiveRecord: 0.0ms (0 queries, 0 cached) | GC: 25.0ms)


Started GET "/" for 127.0.0.1 at 2025-05-12 09:56:32 +0100
Processing by StaticPagesController#home as HTML
  Rendering layout layouts/application.html.erb
  Rendering static_pages/home.html.erb within layouts/application
  Rendered static_pages/home.html.erb within layouts/application (Duration: 2.8ms | GC: 0.0ms)
  Rendered layouts/_header.html.erb (Duration: 0.3ms | GC: 0.0ms)
  Rendered layouts/_footer.html.erb (Duration: 1.5ms | GC: 0.5ms)
  Rendered layout layouts/application.html.erb (Duration: 8.2ms | GC: 0.5ms)
Completed 200 OK in 24ms (Views: 9.9ms | ActiveRecord: 0.0ms (0 queries, 0 cached) | GC: 0.7ms)


Started POST "/payment" for 127.0.0.1 at 2025-05-12 09:56:35 +0100
Processing by StaticPagesController#create as HTML
  Parameters: {"authenticity_token"=>"[FILTERED]"}
Redirected to https://sandbox-process.fedapay.com/eyJ0eXAiOiJKV1QiLCJhbGciOiJIUzI1NiJ9.eyJzdWIiOjMyMDIzNiwiZXhwIjoxNzQ3MTI2NTk5fQ.2n1-0-LUN1HBcl_mt3QMVyUoyH8akL-fm4I5AhnjaHY
Completed 302 Found in 4200ms (ActiveRecord: 0.0ms (0 queries, 0 cached) | GC: 0.0ms)


Started GET "/payment_status?status=approved&id=320236" for 127.0.0.1 at 2025-05-12 09:56:49 +0100
Processing by StaticPagesController#payment_status as HTML
  Parameters: {"status"=>"approved", "id"=>"320236"}
Redirected to http://localhost:3000/
Completed 302 Found in 1134ms (ActiveRecord: 0.0ms (0 queries, 0 cached) | GC: 0.0ms)


Started GET "/" for 127.0.0.1 at 2025-05-12 09:56:50 +0100
Processing by StaticPagesController#home as HTML
  Rendering layout layouts/application.html.erb
  Rendering static_pages/home.html.erb within layouts/application
  Rendered static_pages/home.html.erb within layouts/application (Duration: 2.6ms | GC: 0.0ms)
  Rendered layouts/_header.html.erb (Duration: 0.0ms | GC: 0.0ms)
  Rendered layouts/_footer.html.erb (Duration: 0.1ms | GC: 0.0ms)
  Rendered layout layouts/application.html.erb (Duration: 5.0ms | GC: 0.0ms)
Completed 200 OK in 23ms (Views: 5.5ms | ActiveRecord: 0.0ms (0 queries, 0 cached) | GC: 0.0ms)


Started GET "/" for 127.0.0.1 at 2025-05-12 09:56:54 +0100
Processing by StaticPagesController#home as HTML
  Rendering layout layouts/application.html.erb
  Rendering static_pages/home.html.erb within layouts/application
  Rendered static_pages/home.html.erb within layouts/application (Duration: 2.4ms | GC: 0.0ms)
  Rendered layouts/_header.html.erb (Duration: 0.0ms | GC: 0.0ms)
  Rendered layouts/_footer.html.erb (Duration: 0.0ms | GC: 0.0ms)
  Rendered layout layouts/application.html.erb (Duration: 3.9ms | GC: 0.0ms)
Completed 200 OK in 22ms (Views: 4.2ms | ActiveRecord: 0.0ms (0 queries, 0 cached) | GC: 0.0ms)


